[INFO] Scanning for projects...
[INFO] 
[INFO] -------------------------< com.kairos:kairos >--------------------------
[INFO] Building Kairos 1.0.0
[INFO]   from pom.xml
[INFO] --------------------------------[ jar ]---------------------------------
[INFO] 
[INFO] --- clean:3.2.0:clean (default-clean) @ kairos ---
[INFO] Deleting D:\Kairos\target
[INFO] 
[INFO] --- resources:3.3.1:resources (default-resources) @ kairos ---
[INFO] Copying 5 resources from src\main\resources to target\classes
[INFO] 
[INFO] --- compiler:3.11.0:compile (default-compile) @ kairos ---
[INFO] Changes detected - recompiling the module! :source
[INFO] Compiling 11 source files with javac [debug target 17] to target\classes
[INFO] -------------------------------------------------------------
[WARNING] COMPILATION WARNING : 
[INFO] -------------------------------------------------------------
[WARNING] location of system modules is not set in conjunction with -source 17
  not setting the location of system modules may lead to class files that cannot run on JDK 17
    --release 17 is recommended instead of -source 17 -target 17 because it sets the location of system modules automatically
[INFO] 1 warning
[INFO] -------------------------------------------------------------
[INFO] -------------------------------------------------------------
[ERROR] COMPILATION ERROR : 
[INFO] -------------------------------------------------------------
[ERROR] /D:/Kairos/src/main/java/com/kairos/controller/AddEditEntryDialog.java:[66,39] : expected
[ERROR] /D:/Kairos/src/main/java/com/kairos/controller/AddEditEntryDialog.java:[66,71] ')' or ',' expected
[ERROR] /D:/Kairos/src/main/java/com/kairos/controller/ReminderController.java:[185,40] ')' or ',' expected
[ERROR] /D:/Kairos/src/main/java/com/kairos/controller/TaskController.java:[217,40] ')' or ',' expected
[ERROR] /D:/Kairos/src/main/java/com/kairos/controller/NoteController.java:[187,40] ')' or ',' expected
[INFO] 5 errors 
[INFO] -------------------------------------------------------------
[INFO] ------------------------------------------------------------------------
[INFO] BUILD FAILURE
[INFO] ------------------------------------------------------------------------
[INFO] Total time:  1.894 s
[INFO] Finished at: 2026-03-25T01:43:36+05:30
[INFO] ------------------------------------------------------------------------
[ERROR] Failed to execute goal org.apache.maven.plugins:maven-compiler-plugin:3.11.0:compile (default-compile) on project kairos: Compilation failure: Compilation failure: 
[ERROR] /D:/Kairos/src/main/java/com/kairos/controller/AddEditEntryDialog.java:[66,39] : expected
[ERROR] /D:/Kairos/src/main/java/com/kairos/controller/AddEditEntryDialog.java:[66,71] ')' or ',' expected
[ERROR] /D:/Kairos/src/main/java/com/kairos/controller/ReminderController.java:[185,40] ')' or ',' expected
[ERROR] /D:/Kairos/src/main/java/com/kairos/controller/TaskController.java:[217,40] ')' or ',' expected
[ERROR] /D:/Kairos/src/main/java/com/kairos/controller/NoteController.java:[187,40] ')' or ',' expected
[ERROR] -> [Help 1]
[ERROR] 
[ERROR] To see the full stack trace of the errors, re-run Maven with the -e switch.
[ERROR] Re-run Maven using the -X switch to enable full debug logging.
[ERROR] 
[ERROR] For more information about the errors and possible solutions, please read the following articles:
[ERROR] [Help 1] http://cwiki.apache.org/confluence/display/MAVEN/MojoFailureException
